// Jest Snapshot v1, https://goo.gl/fbAQLP

exports[`<ClubCard /> renders content 1`] = `
<div>
  <a
    class="mt-6"
    href="/clubes/testclub/id"
    role="link"
  >
    <div
      class="relative flex flex-col bg-clip-border rounded-xl bg-white text-gray-700 shadow-md overflow-hidden h-full"
    >
      <div
        class="bg-clip-border overflow-hidden bg-white text-gray-700 relative w-full m-0 rounded-none"
      >
        <img
          alt="Logo de club Test Club"
          class="h-44 md:h-52 lg:h-64 object-contain"
          data-nimg="1"
          decoding="async"
          height="700"
          loading="lazy"
          src="/_next/image?url=%2Ftest%2Ftest.jpg&w=1920&q=75"
          srcset="/_next/image?url=%2Ftest%2Ftest.jpg&w=750&q=75 1x, /_next/image?url=%2Ftest%2Ftest.jpg&w=1920&q=75 2x"
          style="color: transparent;"
          width="700"
        />
      </div>
      <div
        class="bg-hamburguer-menu-bg flex-1 p-3 md:p-6"
      >
        <p
          class="block antialiased mb-2 text-white font-title text-base md:text-lg lg:text-xl font-medium"
        >
          Test Club
        </p>
      </div>
    </div>
  </a>
</div>
`;
