// Jest Snapshot v1, https://goo.gl/fbAQLP

exports[`<News /> redirection to news article 1`] = `
<div>
  <a
    href="/noticias/titulo/test"
    role="link"
  >
    <div
      class="relative h-full w-full"
    >
      <img
        alt="Imagen de noticia con título Borem ipsum dolor sit amet, consectetur adipiscing elit."
        class="h-full w-full object-cover"
        data-nimg="1"
        decoding="async"
        fetchpriority="high"
        height="1500"
        src="/_next/image?url=%2Ftest%2Ftest.jpg&w=3840&q=75"
        srcset="/_next/image?url=%2Ftest%2Ftest.jpg&w=1920&q=75 1x, /_next/image?url=%2Ftest%2Ftest.jpg&w=3840&q=75 2x"
        style="color: transparent;"
        width="1500"
      />
      <div
        class="absolute inset-0 flex justify-center items-end h-full w-full bg-gradient-to-t from-title to-70%"
      >
        <div
          class="size-section text-left mb-[5%] lg:mb-[1%] "
        >
          <h5
            class="text-xs text-white md:text-base bg-tag-bg py-1 px-2 max-w-fit border-l-2 border-l-primary1 mb-2 font-title"
          >
            Torneos
          </h5>
          <h2
            class="mb-4 text-2xl md:text-3xl lg:text-4xl xl:text-5xl 2xl:text-6xl font-title font-semibold text-white"
          >
            Borem ipsum dolor sit amet, consectetur adipiscing elit.
          </h2>
          <h4
            class="mb-12 text-sm md:text-lg lg:text-xl xl:text-2xl opacity-80 font-title text-white"
          >
            Morem ipsum dolor sit amet, consectetur adipiscing elit. Nunc vulputate libero et velit interdum, ac aliquet odio mattis. Class
          </h4>
        </div>
      </div>
    </div>
  </a>
</div>
`;

exports[`<News /> renders content 1`] = `
<div>
  <a
    href="/noticias/titulo/test"
    role="link"
  >
    <div
      class="relative h-full w-full"
    >
      <img
        alt="Imagen de noticia con título Borem ipsum dolor sit amet, consectetur adipiscing elit."
        class="h-full w-full object-cover"
        data-nimg="1"
        decoding="async"
        fetchpriority="high"
        height="1500"
        src="/_next/image?url=%2Ftest%2Ftest.jpg&w=3840&q=75"
        srcset="/_next/image?url=%2Ftest%2Ftest.jpg&w=1920&q=75 1x, /_next/image?url=%2Ftest%2Ftest.jpg&w=3840&q=75 2x"
        style="color: transparent;"
        width="1500"
      />
      <div
        class="absolute inset-0 flex justify-center items-end h-full w-full bg-gradient-to-t from-title to-70%"
      >
        <div
          class="size-section text-left mb-[5%] lg:mb-[1%] "
        >
          <h5
            class="text-xs text-white md:text-base bg-tag-bg py-1 px-2 max-w-fit border-l-2 border-l-primary1 mb-2 font-title"
          >
            Torneos
          </h5>
          <h2
            class="mb-4 text-2xl md:text-3xl lg:text-4xl xl:text-5xl 2xl:text-6xl font-title font-semibold text-white"
          >
            Borem ipsum dolor sit amet, consectetur adipiscing elit.
          </h2>
          <h4
            class="mb-12 text-sm md:text-lg lg:text-xl xl:text-2xl opacity-80 font-title text-white"
          >
            Morem ipsum dolor sit amet, consectetur adipiscing elit. Nunc vulputate libero et velit interdum, ac aliquet odio mattis. Class
          </h4>
        </div>
      </div>
    </div>
  </a>
</div>
`;
