// Jest Snapshot v1, https://goo.gl/fbAQLP

exports[`<CategoriaTorneo /> renders content 1`] = `
<div>
  <div
    class="flex w-full flex-wrap md:flex-nowrap justify-between gap-6"
  >
    <div
      class="relative w-full min-w-[200px] h-10"
    >
      <button
        aria-expanded="false"
        aria-haspopup="listbox"
        aria-labelledby="torneo"
        class="peer w-full h-full bg-transparent text-blue-gray-700 font-sans font-normal text-left outline outline-0 focus:outline-0 disabled:bg-blue-gray-50 disabled:border-0 transition-all border text-sm px-3 py-2.5 rounded-[7px] border-blue-gray-200"
        role="combobox"
        tabindex="1"
        type="button"
      >
        <span
          class="absolute top-2/4 -translate-y-2/4 left-3 pt-0.5"
        />
        <div
          class="grid place-items-center absolute top-2/4 right-2 pt-px w-5 h-5 text-blue-gray-400 rotate-0 -translate-y-2/4 transition-all"
        >
          <svg
            fill="currentColor"
            viewBox="0 0 20 20"
            xmlns="http://www.w3.org/2000/svg"
          >
            <path
              clip-rule="evenodd"
              d="M5.293 7.293a1 1 0 011.414 0L10 10.586l3.293-3.293a1 1 0 111.414 1.414l-4 4a1 1 0 01-1.414 0l-4-4a1 1 0 010-1.414z"
              fill-rule="evenodd"
            />
          </svg>
        </div>
      </button>
      <label
        class="flex w-full h-full select-none pointer-events-none absolute left-0 font-normal transition-all -top-1.5 before:content[' '] before:block before:box-border before:w-2.5 before:h-1.5 before:mt-[6.5px] before:mr-1 before:rounded-tl-md before:pointer-events-none before:transition-all peer-disabled:before:border-transparent after:content[' '] after:block after:flex-grow after:box-border after:w-2.5 after:h-1.5 after:mt-[6.5px] after:ml-1 after:rounded-tr-md after:pointer-events-none after:transition-all peer-disabled:after:border-transparent text-sm peer-disabled:text-blue-gray-400 leading-[3.75] text-blue-gray-400 before:border-transparent after:border-transparent"
        id="torneo"
      >
        Torneo a Inscribirse*
      </label>
    </div>
    <div
      class="relative w-full min-w-[200px] h-10"
    >
      <button
        aria-expanded="false"
        aria-haspopup="listbox"
        aria-labelledby="categoria"
        class="peer w-full h-full bg-transparent text-blue-gray-700 font-sans font-normal text-left outline outline-0 focus:outline-0 disabled:bg-blue-gray-50 disabled:border-0 transition-all border text-sm px-3 py-2.5 rounded-[7px] border-blue-gray-200"
        role="combobox"
        tabindex="2"
        type="button"
      >
        <span
          class="absolute top-2/4 -translate-y-2/4 left-3 pt-0.5"
        />
        <div
          class="grid place-items-center absolute top-2/4 right-2 pt-px w-5 h-5 text-blue-gray-400 rotate-0 -translate-y-2/4 transition-all"
        >
          <svg
            fill="currentColor"
            viewBox="0 0 20 20"
            xmlns="http://www.w3.org/2000/svg"
          >
            <path
              clip-rule="evenodd"
              d="M5.293 7.293a1 1 0 011.414 0L10 10.586l3.293-3.293a1 1 0 111.414 1.414l-4 4a1 1 0 01-1.414 0l-4-4a1 1 0 010-1.414z"
              fill-rule="evenodd"
            />
          </svg>
        </div>
      </button>
      <label
        class="flex w-full h-full select-none pointer-events-none absolute left-0 font-normal transition-all -top-1.5 before:content[' '] before:block before:box-border before:w-2.5 before:h-1.5 before:mt-[6.5px] before:mr-1 before:rounded-tl-md before:pointer-events-none before:transition-all peer-disabled:before:border-transparent after:content[' '] after:block after:flex-grow after:box-border after:w-2.5 after:h-1.5 after:mt-[6.5px] after:ml-1 after:rounded-tr-md after:pointer-events-none after:transition-all peer-disabled:after:border-transparent text-sm peer-disabled:text-blue-gray-400 leading-[3.75] text-blue-gray-400 before:border-transparent after:border-transparent"
        id="categoria"
      >
        Categor√≠a*
      </label>
    </div>
  </div>
</div>
`;
