// Jest Snapshot v1, https://goo.gl/fbAQLP

exports[`<ContainerCards /> renders content 1`] = `
<div>
  <div
    class="w-full flex justify-evenly py-6 px-16"
  >
    <div
      class="relative flex flex-col bg-clip-border rounded-xl bg-white text-gray-700 shadow-md mt-6 w-95% md:w-[45%] lg:w-[30%] overflow-hidden"
    >
      <div
        class="bg-clip-border overflow-hidden bg-white text-gray-700 relative w-full m-0 rounded-none"
      >
        <img
          alt="Foto de Renzo Cremaschi"
          class="h-44 md:h-52 lg:h-64 object-cover"
          data-nimg="1"
          decoding="async"
          height="700"
          loading="lazy"
          src="/_next/image?url=%2Ftest%2Ftest.jpg&w=1920&q=75"
          srcset="/_next/image?url=%2Ftest%2Ftest.jpg&w=750&q=75 1x, /_next/image?url=%2Ftest%2Ftest.jpg&w=1920&q=75 2x"
          style="color: transparent;"
          width="700"
        />
      </div>
      <div
        class="p-6"
      >
        <h5
          class="block antialiased tracking-normal text-xl font-semibold leading-snug mb-2 text-title font-title"
        >
          Renzo Cremaschi
        </h5>
        <p
          class="block antialiased text-base font-light leading-relaxed text-title font-title"
        >
          110 C/V / 
          200m / 
        </p>
      </div>
    </div>
  </div>
</div>
`;
